--------------------------------------------------------------------------------
Release 13.3 Trace  (nt)
Copyright (c) 1995-2011 Xilinx, Inc.  All rights reserved.

D:\Xilinx\13.3\ISE_DS\ISE\bin\nt\unwrapped\trce.exe -intstyle ise -v 3 -s 3 -n
3 -fastpaths -xml top_core.twx top_core.ncd -o top_core.twr top_core.pcf -ucf
top_cpu_ucf.ucf

Design file:              top_core.ncd
Physical constraint file: top_core.pcf
Device,package,speed:     xc6slx16,csg324,C,-3 (PRODUCTION 1.20 2011-10-03)
Report level:             verbose report

Environment Variable      Effect 
--------------------      ------ 
NONE                      No environment variables were set
--------------------------------------------------------------------------------

INFO:Timing:2698 - No timing constraints found, doing default enumeration.
INFO:Timing:2752 - To get complete path coverage, use the unconstrained paths 
   option. All paths that are not constrained will be reported in the 
   unconstrained paths section(s) of the report.
INFO:Timing:3339 - The clock-to-out numbers in this timing report are based on 
   a 50 Ohm transmission line loading model.  For the details of this model, 
   and for more information on accounting for different loading conditions, 
   please see the device datasheet.



Data Sheet report:
-----------------
All values displayed in nanoseconds (ns)

Setup/Hold to clock clk
------------+------------+------------+------------+------------+------------------+--------+
            |Max Setup to|  Process   |Max Hold to |  Process   |                  | Clock  |
Source      | clk (edge) |   Corner   | clk (edge) |   Corner   |Internal Clock(s) | Phase  |
------------+------------+------------+------------+------------+------------------+--------+
rst         |    8.249(R)|      SLOW  |   -3.359(R)|      FAST  |clk_BUFGP         |   0.000|
------------+------------+------------+------------+------------+------------------+--------+

Clock clk to Pad
------------+-----------------+------------+-----------------+------------+------------------+--------+
            |Max (slowest) clk|  Process   |Min (fastest) clk|  Process   |                  | Clock  |
Destination |  (edge) to PAD  |   Corner   |  (edge) to PAD  |   Corner   |Internal Clock(s) | Phase  |
------------+-----------------+------------+-----------------+------------+------------------+--------+
b<0>        |         9.987(R)|      SLOW  |         5.576(R)|      FAST  |clk_BUFGP         |   0.000|
b<1>        |         9.782(R)|      SLOW  |         5.468(R)|      FAST  |clk_BUFGP         |   0.000|
cpu_clk     |         7.240(R)|      SLOW  |         3.854(R)|      FAST  |clk_BUFGP         |   0.000|
g<0>        |         9.533(R)|      SLOW  |         5.304(R)|      FAST  |clk_BUFGP         |   0.000|
g<1>        |        10.313(R)|      SLOW  |         5.786(R)|      FAST  |clk_BUFGP         |   0.000|
g<2>        |         9.394(R)|      SLOW  |         5.247(R)|      FAST  |clk_BUFGP         |   0.000|
hs          |        10.086(R)|      SLOW  |         5.294(R)|      FAST  |clk_BUFGP         |   0.000|
r<0>        |         9.961(R)|      SLOW  |         5.577(R)|      FAST  |clk_BUFGP         |   0.000|
r<1>        |        10.127(R)|      SLOW  |         5.679(R)|      FAST  |clk_BUFGP         |   0.000|
r<2>        |         9.694(R)|      SLOW  |         5.401(R)|      FAST  |clk_BUFGP         |   0.000|
vs          |         9.939(R)|      SLOW  |         5.004(R)|      FAST  |clk_BUFGP         |   0.000|
------------+-----------------+------------+-----------------+------------+------------------+--------+

Clock to Setup on destination clock clk
---------------+---------+---------+---------+---------+
               | Src:Rise| Src:Fall| Src:Rise| Src:Fall|
Source Clock   |Dest:Rise|Dest:Rise|Dest:Fall|Dest:Fall|
---------------+---------+---------+---------+---------+
clk            |   18.504|         |         |         |
---------------+---------+---------+---------+---------+

Pad to Pad
---------------+---------------+---------+
Source Pad     |Destination Pad|  Delay  |
---------------+---------------+---------+
SW<1>          |led_data<0>    |   12.558|
SW<1>          |led_data<1>    |   13.770|
SW<1>          |led_data<2>    |   13.019|
SW<1>          |led_data<3>    |   13.508|
SW<1>          |led_data<4>    |   13.442|
SW<1>          |led_data<5>    |   13.677|
SW<1>          |led_data<6>    |   13.555|
SW<1>          |led_data<7>    |   12.116|
SW<2>          |led_data<0>    |   13.160|
SW<2>          |led_data<1>    |   14.495|
SW<2>          |led_data<2>    |   14.227|
SW<2>          |led_data<3>    |   14.029|
SW<2>          |led_data<4>    |   14.018|
SW<2>          |led_data<5>    |   13.178|
SW<2>          |led_data<6>    |   13.332|
SW<2>          |led_data<7>    |   12.572|
---------------+---------------+---------+


Analysis completed Tue Sep 10 20:14:14 2013 
--------------------------------------------------------------------------------

Trace Settings:
-------------------------
Trace Settings 

Peak Memory Usage: 187 MB



