--------------------------------------------------------------------------------
Release 13.3 Trace  (nt)
Copyright (c) 1995-2011 Xilinx, Inc.  All rights reserved.

D:\Xilinx\13.3\ISE_DS\ISE\bin\nt\unwrapped\trce.exe -intstyle ise -v 3 -s 3 -n
3 -fastpaths -xml top_core.twx top_core.ncd -o top_core.twr top_core.pcf -ucf
top_cpu_ucf.ucf

Design file:              top_core.ncd
Physical constraint file: top_core.pcf
Device,package,speed:     xc6slx16,csg324,C,-3 (PRODUCTION 1.20 2011-10-03)
Report level:             verbose report

Environment Variable      Effect 
--------------------      ------ 
NONE                      No environment variables were set
--------------------------------------------------------------------------------

INFO:Timing:2698 - No timing constraints found, doing default enumeration.
INFO:Timing:2752 - To get complete path coverage, use the unconstrained paths 
   option. All paths that are not constrained will be reported in the 
   unconstrained paths section(s) of the report.
INFO:Timing:3339 - The clock-to-out numbers in this timing report are based on 
   a 50 Ohm transmission line loading model.  For the details of this model, 
   and for more information on accounting for different loading conditions, 
   please see the device datasheet.



Data Sheet report:
-----------------
All values displayed in nanoseconds (ns)

Setup/Hold to clock clk
------------+------------+------------+------------+------------+------------------+--------+
            |Max Setup to|  Process   |Max Hold to |  Process   |                  | Clock  |
Source      | clk (edge) |   Corner   | clk (edge) |   Corner   |Internal Clock(s) | Phase  |
------------+------------+------------+------------+------------+------------------+--------+
ps2_clk     |    1.030(R)|      SLOW  |   -0.367(R)|      SLOW  |clk_BUFGP         |   0.000|
ps2_data    |    3.285(R)|      SLOW  |   -0.301(R)|      SLOW  |clk_BUFGP         |   0.000|
rst         |    7.705(R)|      SLOW  |   -1.309(R)|      FAST  |clk_BUFGP         |   0.000|
------------+------------+------------+------------+------------+------------------+--------+

Clock clk to Pad
------------+-----------------+------------+-----------------+------------+------------------+--------+
            |Max (slowest) clk|  Process   |Min (fastest) clk|  Process   |                  | Clock  |
Destination |  (edge) to PAD  |   Corner   |  (edge) to PAD  |   Corner   |Internal Clock(s) | Phase  |
------------+-----------------+------------+-----------------+------------+------------------+--------+
b<0>        |         8.171(R)|      SLOW  |         4.563(R)|      FAST  |clk_BUFGP         |   0.000|
b<1>        |         7.966(R)|      SLOW  |         4.455(R)|      FAST  |clk_BUFGP         |   0.000|
cpu_clk     |         7.454(R)|      SLOW  |         4.025(R)|      FAST  |clk_BUFGP         |   0.000|
g<0>        |         7.717(R)|      SLOW  |         4.291(R)|      FAST  |clk_BUFGP         |   0.000|
g<1>        |         8.000(R)|      SLOW  |         4.495(R)|      FAST  |clk_BUFGP         |   0.000|
g<2>        |         8.004(R)|      SLOW  |         4.477(R)|      FAST  |clk_BUFGP         |   0.000|
hs          |         7.807(R)|      SLOW  |         4.366(R)|      FAST  |clk_BUFGP         |   0.000|
r<0>        |         7.960(R)|      SLOW  |         4.467(R)|      FAST  |clk_BUFGP         |   0.000|
r<1>        |         7.781(R)|      SLOW  |         4.370(R)|      FAST  |clk_BUFGP         |   0.000|
r<2>        |         8.118(R)|      SLOW  |         4.549(R)|      FAST  |clk_BUFGP         |   0.000|
vs          |         8.731(R)|      SLOW  |         4.969(R)|      FAST  |clk_BUFGP         |   0.000|
------------+-----------------+------------+-----------------+------------+------------------+--------+

Clock to Setup on destination clock clk
---------------+---------+---------+---------+---------+
               | Src:Rise| Src:Fall| Src:Rise| Src:Fall|
Source Clock   |Dest:Rise|Dest:Rise|Dest:Fall|Dest:Fall|
---------------+---------+---------+---------+---------+
clk            |   21.507|         |         |         |
---------------+---------+---------+---------+---------+

Pad to Pad
---------------+---------------+---------+
Source Pad     |Destination Pad|  Delay  |
---------------+---------------+---------+
SW<1>          |led_data<0>    |   11.724|
SW<1>          |led_data<1>    |   11.708|
SW<1>          |led_data<2>    |   12.343|
SW<1>          |led_data<3>    |   12.622|
SW<1>          |led_data<4>    |   11.744|
SW<1>          |led_data<5>    |   12.478|
SW<1>          |led_data<6>    |   10.877|
SW<1>          |led_data<7>    |   10.778|
SW<2>          |led_data<0>    |   12.188|
SW<2>          |led_data<1>    |   12.190|
SW<2>          |led_data<2>    |   12.646|
SW<2>          |led_data<3>    |   13.193|
SW<2>          |led_data<4>    |   12.172|
SW<2>          |led_data<5>    |   12.945|
SW<2>          |led_data<6>    |   11.160|
SW<2>          |led_data<7>    |   11.386|
---------------+---------------+---------+


Analysis completed Mon Sep 16 23:35:04 2013 
--------------------------------------------------------------------------------

Trace Settings:
-------------------------
Trace Settings 

Peak Memory Usage: 223 MB



